// Jest Snapshot v1, https://goo.gl/fbAQLP

exports[`generateDocument should match snapshot 1`] = `
"<w:document xmlns:wpc=\\"http://schemas.microsoft.com/office/word/2010/wordprocessingCanvas\\" xmlns:mc=\\"http://schemas.openxmlformats.org/markup-compatibility/2006\\" xmlns:o=\\"urn:schemas-microsoft-com:office:office\\" xmlns:r=\\"http://schemas.openxmlformats.org/officeDocument/2006/relationships\\" xmlns:m=\\"http://schemas.openxmlformats.org/officeDocument/2006/math\\" xmlns:v=\\"urn:schemas-microsoft-com:vml\\" xmlns:wp14=\\"http://schemas.microsoft.com/office/word/2010/wordprocessingDrawing\\" xmlns:wp=\\"http://schemas.openxmlformats.org/drawingml/2006/wordprocessingDrawing\\" xmlns:w10=\\"urn:schemas-microsoft-com:office:word\\" xmlns:w=\\"http://schemas.openxmlformats.org/wordprocessingml/2006/main\\" xmlns:w14=\\"http://schemas.microsoft.com/office/word/2010/wordml\\" xmlns:w15=\\"http://schemas.microsoft.com/office/word/2012/wordml\\" xmlns:wpg=\\"http://schemas.microsoft.com/office/word/2010/wordprocessingGroup\\" xmlns:wpi=\\"http://schemas.microsoft.com/office/word/2010/wordprocessingInk\\" xmlns:wne=\\"http://schemas.microsoft.com/office/word/2006/wordml\\" xmlns:wps=\\"http://schemas.microsoft.com/office/word/2010/wordprocessingShape\\" mc:Ignorable=\\"w14 w15 wp14\\">
    <w:body>
        <w:p>
            <w:pPr>
                <w:pStyle w:val=\\"Heading1\\">
                </w:pStyle>
            </w:pPr>
            <w:r>
                <w:rPr>
                    <w:b w:val=\\"true\\">
                    </w:b>
                    <w:bCs w:val=\\"true\\">
                    </w:bCs>
                </w:rPr>
                <w:t xml:space=\\"preserve\\">Lura Holloway</w:t>
            </w:r>
        </w:p>
        <w:p>
            <w:pPr>
                <w:jc w:val=\\"right\\">
                </w:jc>
            </w:pPr>
            <w:r>
                <w:rPr>
                </w:rPr>
                <w:t xml:space=\\"preserve\\">General Counsel</w:t>
            </w:r>
            <w:r>
                <w:rPr>
                </w:rPr>
                <w:br>
                </w:br>
                <w:t xml:space=\\"preserve\\">efmo@enoucu.lc</w:t>
            </w:r>
            <w:r>
                <w:rPr>
                </w:rPr>
                <w:br>
                </w:br>
                <w:t xml:space=\\"preserve\\">1566 Piow Turnpike</w:t>
            </w:r>
        </w:p>
        <w:p>
            <w:pPr>
            </w:pPr>
            <w:r>
                <w:rPr>
                </w:rPr>
                <w:t xml:space=\\"preserve\\">
                </w:t>
            </w:r>
            <w:r>
                <w:rPr>
                </w:rPr>
                <w:br>
                </w:br>
                <w:t xml:space=\\"preserve\\">    Venohisoc covhaabu bu ri lezju anakuebe tuvne ugudi avzi oro fuwidken piabani co teresta co tacub. Sonmup raojfu cufsik ra didag megusim dosdat fipbifla rota eh juzcogas bofora.</w:t>
            </w:r>
            <w:r>
                <w:rPr>
                </w:rPr>
                <w:br>
                </w:br>
                <w:t xml:space=\\"preserve\\">
                </w:t>
            </w:r>
            <w:r>
                <w:rPr>
                </w:rPr>
                <w:br>
                </w:br>
                <w:t xml:space=\\"preserve\\">    * Programming languages</w:t>
            </w:r>
            <w:r>
                <w:rPr>
                </w:rPr>
                <w:br>
                </w:br>
                <w:t xml:space=\\"preserve\\">      aculang, nolang, dohlang</w:t>
            </w:r>
            <w:r>
                <w:rPr>
                </w:rPr>
                <w:br>
                </w:br>
                <w:t xml:space=\\"preserve\\">    * General office skills</w:t>
            </w:r>
            <w:r>
                <w:rPr>
                </w:rPr>
                <w:br>
                </w:br>
                <w:t xml:space=\\"preserve\\">      viluvel, idrud, ad, ev, azisunsef, hipbec, relokriw</w:t>
            </w:r>
        </w:p>
        <w:p>
            <w:pPr>
            </w:pPr>
            <w:r>
                <w:rPr>
                </w:rPr>
                <w:t xml:space=\\"preserve\\">
                </w:t>
            </w:r>
        </w:p>
        <w:p>
            <w:pPr>
                <w:pStyle w:val=\\"Heading2\\">
                </w:pStyle>
            </w:pPr>
            <w:r>
                <w:rPr>
                    <w:b w:val=\\"true\\">
                    </w:b>
                    <w:bCs w:val=\\"true\\">
                    </w:bCs>
                </w:rPr>
                <w:t xml:space=\\"preserve\\">Work History</w:t>
            </w:r>
        </w:p>
        <w:p>
            <w:pPr>
            </w:pPr>
            <w:r>
                <w:rPr>
                    <w:b w:val=\\"true\\">
                    </w:b>
                    <w:bCs w:val=\\"true\\">
                    </w:bCs>
                </w:rPr>
                <w:t xml:space=\\"preserve\\">Coca-Cola Co.</w:t>
            </w:r>
            <w:r>
                <w:rPr>
                </w:rPr>
                <w:t xml:space=\\"preserve\\"> -- Cunahij</w:t>
            </w:r>
            <w:r>
                <w:rPr>
                </w:rPr>
                <w:t xml:space=\\"preserve\\">; Lu funludhu jo.</w:t>
            </w:r>
            <w:r>
                <w:rPr>
                    <w:b w:val=\\"true\\">
                    </w:b>
                    <w:bCs w:val=\\"true\\">
                    </w:bCs>
                </w:rPr>
                <w:br>
                </w:br>
                <w:t xml:space=\\"preserve\\">    Mar 2005 ~ to date (216 months ~)</w:t>
            </w:r>
            <w:r>
                <w:rPr>
                </w:rPr>
                <w:t xml:space=\\"preserve\\">; General Counsel</w:t>
            </w:r>
            <w:r>
                <w:rPr>
                </w:rPr>
                <w:br>
                </w:br>
                <w:t xml:space=\\"preserve\\">    - Recus acuepeer sit ojgeapo pajwe udar kumpaggo ise huhpahom ro dawbeb keotari vactase.</w:t>
            </w:r>
            <w:r>
                <w:rPr>
                </w:rPr>
                <w:br>
                </w:br>
                <w:t xml:space=\\"preserve\\">    - Dazo hiziweweb tu mofilu lu epijof et dafik fuzdo nedooso esofmej sa jo.</w:t>
            </w:r>
            <w:r>
                <w:rPr>
                </w:rPr>
                <w:br>
                </w:br>
                <w:t xml:space=\\"preserve\\">    - Cutjo iheozcem edukaco voij ucozo robimu tuvebi uc faccesit ogolab tiru du agegedaj.</w:t>
            </w:r>
            <w:r>
                <w:rPr>
                </w:rPr>
                <w:br>
                </w:br>
                <w:t xml:space=\\"preserve\\">    * Acquired/developed skills:  </w:t>
            </w:r>
            <w:r>
                <w:rPr>
                </w:rPr>
                <w:t xml:space=\\"preserve\\">cezumurim, vucnezuh, buvhour, tugsasa, sejtoho, ma, si, leacaho</w:t>
            </w:r>
        </w:p>
        <w:p>
            <w:pPr>
            </w:pPr>
            <w:r>
                <w:rPr>
                </w:rPr>
                <w:t xml:space=\\"preserve\\">
                </w:t>
            </w:r>
        </w:p>
        <w:p>
            <w:pPr>
            </w:pPr>
            <w:r>
                <w:rPr>
                    <w:b w:val=\\"true\\">
                    </w:b>
                    <w:bCs w:val=\\"true\\">
                    </w:bCs>
                </w:rPr>
                <w:t xml:space=\\"preserve\\">McCormick &amp; Company Incorporated</w:t>
            </w:r>
            <w:r>
                <w:rPr>
                </w:rPr>
                <w:t xml:space=\\"preserve\\"> -- Kizewe</w:t>
            </w:r>
            <w:r>
                <w:rPr>
                </w:rPr>
                <w:t xml:space=\\"preserve\\">; Odwa otrima fejur.</w:t>
            </w:r>
            <w:r>
                <w:rPr>
                    <w:b w:val=\\"true\\">
                    </w:b>
                    <w:bCs w:val=\\"true\\">
                    </w:bCs>
                </w:rPr>
                <w:br>
                </w:br>
                <w:t xml:space=\\"preserve\\">    Dec 2004 ~ Mar 2005 (3 months)</w:t>
            </w:r>
            <w:r>
                <w:rPr>
                </w:rPr>
                <w:t xml:space=\\"preserve\\">; General Counsel</w:t>
            </w:r>
            <w:r>
                <w:rPr>
                </w:rPr>
                <w:br>
                </w:br>
                <w:t xml:space=\\"preserve\\">    - Gilna de nicozig nibe ilwapeh fijtihom uwoufi mo ketmipes ti wopsu puvagum wa.</w:t>
            </w:r>
            <w:r>
                <w:rPr>
                </w:rPr>
                <w:br>
                </w:br>
                <w:t xml:space=\\"preserve\\">    - Tekow luzose pamupuk najo ahrosmon pot efomuvzo vumkuvola ildut pegwaj boreblu sem kondedi.</w:t>
            </w:r>
            <w:r>
                <w:rPr>
                </w:rPr>
                <w:br>
                </w:br>
                <w:t xml:space=\\"preserve\\">    * Acquired/developed skills:  </w:t>
            </w:r>
            <w:r>
                <w:rPr>
                </w:rPr>
                <w:t xml:space=\\"preserve\\">fetinba, hu, amazo, ezi, mavvago, dev, to, ilesi, fitaben</w:t>
            </w:r>
        </w:p>
        <w:p>
            <w:pPr>
            </w:pPr>
            <w:r>
                <w:rPr>
                </w:rPr>
                <w:t xml:space=\\"preserve\\">
                </w:t>
            </w:r>
        </w:p>
        <w:p>
            <w:pPr>
            </w:pPr>
            <w:r>
                <w:rPr>
                    <w:b w:val=\\"true\\">
                    </w:b>
                    <w:bCs w:val=\\"true\\">
                    </w:bCs>
                </w:rPr>
                <w:t xml:space=\\"preserve\\">Circuit City Stores Inc.</w:t>
            </w:r>
            <w:r>
                <w:rPr>
                </w:rPr>
                <w:t xml:space=\\"preserve\\"> -- Woglabjum</w:t>
            </w:r>
            <w:r>
                <w:rPr>
                </w:rPr>
                <w:t xml:space=\\"preserve\\">; Fohlefen ivjube zuveto.</w:t>
            </w:r>
            <w:r>
                <w:rPr>
                    <w:b w:val=\\"true\\">
                    </w:b>
                    <w:bCs w:val=\\"true\\">
                    </w:bCs>
                </w:rPr>
                <w:br>
                </w:br>
                <w:t xml:space=\\"preserve\\">    Feb 2003 ~ Dec 2004 (22 months)</w:t>
            </w:r>
            <w:r>
                <w:rPr>
                </w:rPr>
                <w:t xml:space=\\"preserve\\">; General Counsel</w:t>
            </w:r>
            <w:r>
                <w:rPr>
                </w:rPr>
                <w:br>
                </w:br>
                <w:t xml:space=\\"preserve\\">    - Pogece javnesih wo sapgud leocnor bojjig man doviki hirmezi nekedipo uctu foirla inpigav.</w:t>
            </w:r>
            <w:r>
                <w:rPr>
                </w:rPr>
                <w:br>
                </w:br>
                <w:t xml:space=\\"preserve\\">    - Gi sivbug niwo ufutcu jinatpam juufa adikukkan tu guslaf tov muha amofogsog gudjit.</w:t>
            </w:r>
            <w:r>
                <w:rPr>
                </w:rPr>
                <w:br>
                </w:br>
                <w:t xml:space=\\"preserve\\">    - Wuhepo vepu ca riwhewfel ped ulila uneira pooba atmu uteotu mem ceeji lulci.</w:t>
            </w:r>
            <w:r>
                <w:rPr>
                </w:rPr>
                <w:br>
                </w:br>
                <w:t xml:space=\\"preserve\\">    * Acquired/developed skills:  </w:t>
            </w:r>
            <w:r>
                <w:rPr>
                </w:rPr>
                <w:t xml:space=\\"preserve\\">ruka, demhevi, pak</w:t>
            </w:r>
        </w:p>
        <w:p>
            <w:pPr>
            </w:pPr>
            <w:r>
                <w:rPr>
                </w:rPr>
                <w:t xml:space=\\"preserve\\">
                </w:t>
            </w:r>
        </w:p>
        <w:p>
            <w:pPr>
            </w:pPr>
            <w:r>
                <w:rPr>
                    <w:b w:val=\\"true\\">
                    </w:b>
                    <w:bCs w:val=\\"true\\">
                    </w:bCs>
                </w:rPr>
                <w:t xml:space=\\"preserve\\">Sunoco Inc.</w:t>
            </w:r>
            <w:r>
                <w:rPr>
                </w:rPr>
                <w:t xml:space=\\"preserve\\"> -- Merfepa</w:t>
            </w:r>
            <w:r>
                <w:rPr>
                </w:rPr>
                <w:t xml:space=\\"preserve\\">; Odew wog mi.</w:t>
            </w:r>
            <w:r>
                <w:rPr>
                    <w:b w:val=\\"true\\">
                    </w:b>
                    <w:bCs w:val=\\"true\\">
                    </w:bCs>
                </w:rPr>
                <w:br>
                </w:br>
                <w:t xml:space=\\"preserve\\">    May 2002 ~ Feb 2003 (10 months)</w:t>
            </w:r>
            <w:r>
                <w:rPr>
                </w:rPr>
                <w:t xml:space=\\"preserve\\">; General Counsel</w:t>
            </w:r>
            <w:r>
                <w:rPr>
                </w:rPr>
                <w:br>
                </w:br>
                <w:t xml:space=\\"preserve\\">    - Vuposmi duhad ojiegfa umetod lirme ceeko zarwo dufsus mizcocgaw lafaj buzvewmav fufevi codser.</w:t>
            </w:r>
            <w:r>
                <w:rPr>
                </w:rPr>
                <w:br>
                </w:br>
                <w:t xml:space=\\"preserve\\">    - Tuzsifluj licnima wad ze luzlontud hewegab mofab sohoko dufulaw zijihcig mim huovgu remda.</w:t>
            </w:r>
            <w:r>
                <w:rPr>
                </w:rPr>
                <w:br>
                </w:br>
                <w:t xml:space=\\"preserve\\">    * Acquired/developed skills:  </w:t>
            </w:r>
            <w:r>
                <w:rPr>
                </w:rPr>
                <w:t xml:space=\\"preserve\\">pezowoz, ho, babti</w:t>
            </w:r>
        </w:p>
        <w:p>
            <w:pPr>
            </w:pPr>
            <w:r>
                <w:rPr>
                </w:rPr>
                <w:t xml:space=\\"preserve\\">
                </w:t>
            </w:r>
        </w:p>
        <w:p>
            <w:pPr>
            </w:pPr>
            <w:r>
                <w:rPr>
                    <w:b w:val=\\"true\\">
                    </w:b>
                    <w:bCs w:val=\\"true\\">
                    </w:bCs>
                </w:rPr>
                <w:t xml:space=\\"preserve\\">LSI Logic Corporation</w:t>
            </w:r>
            <w:r>
                <w:rPr>
                </w:rPr>
                <w:t xml:space=\\"preserve\\"> -- Lihdevli</w:t>
            </w:r>
            <w:r>
                <w:rPr>
                </w:rPr>
                <w:t xml:space=\\"preserve\\">; Tekjowkuv zu ikugez.</w:t>
            </w:r>
            <w:r>
                <w:rPr>
                    <w:b w:val=\\"true\\">
                    </w:b>
                    <w:bCs w:val=\\"true\\">
                    </w:bCs>
                </w:rPr>
                <w:br>
                </w:br>
                <w:t xml:space=\\"preserve\\">    Sep 1999 ~ May 2002 (33 months)</w:t>
            </w:r>
            <w:r>
                <w:rPr>
                </w:rPr>
                <w:t xml:space=\\"preserve\\">; General Counsel</w:t>
            </w:r>
            <w:r>
                <w:rPr>
                </w:rPr>
                <w:br>
                </w:br>
                <w:t xml:space=\\"preserve\\">    - Juwusle vur vegihbun seuw ibeveswul olu ehajucbor ebi lewlefel zidatu haf soni fezirwa.</w:t>
            </w:r>
            <w:r>
                <w:rPr>
                </w:rPr>
                <w:br>
                </w:br>
                <w:t xml:space=\\"preserve\\">    * Acquired/developed skills:  </w:t>
            </w:r>
            <w:r>
                <w:rPr>
                </w:rPr>
                <w:t xml:space=\\"preserve\\">cer, pekirmu, ku, bu, tom, adufo</w:t>
            </w:r>
        </w:p>
        <w:p>
            <w:pPr>
            </w:pPr>
            <w:r>
                <w:rPr>
                </w:rPr>
                <w:t xml:space=\\"preserve\\">
                </w:t>
            </w:r>
        </w:p>
        <w:p>
            <w:pPr>
            </w:pPr>
            <w:r>
                <w:rPr>
                </w:rPr>
                <w:t xml:space=\\"preserve\\">
                </w:t>
            </w:r>
        </w:p>
        <w:p>
            <w:pPr>
                <w:pStyle w:val=\\"Heading2\\">
                </w:pStyle>
            </w:pPr>
            <w:r>
                <w:rPr>
                    <w:b w:val=\\"true\\">
                    </w:b>
                    <w:bCs w:val=\\"true\\">
                    </w:bCs>
                </w:rPr>
                <w:t xml:space=\\"preserve\\">Education</w:t>
            </w:r>
        </w:p>
        <w:p>
            <w:pPr>
            </w:pPr>
            <w:r>
                <w:rPr>
                    <w:b w:val=\\"true\\">
                    </w:b>
                    <w:bCs w:val=\\"true\\">
                    </w:bCs>
                </w:rPr>
                <w:t xml:space=\\"preserve\\">Bachelor of Engineering</w:t>
            </w:r>
            <w:r>
                <w:rPr>
                </w:rPr>
                <w:t xml:space=\\"preserve\\"> -- Sep 1999</w:t>
            </w:r>
            <w:r>
                <w:rPr>
                </w:rPr>
                <w:br>
                </w:br>
                <w:t xml:space=\\"preserve\\">    General Counsel Engineering</w:t>
            </w:r>
            <w:r>
                <w:rPr>
                </w:rPr>
                <w:br>
                </w:br>
                <w:t xml:space=\\"preserve\\">    Paztevedo University -- Mustoslu, US</w:t>
            </w:r>
        </w:p>
        <w:p>
            <w:pPr>
            </w:pPr>
            <w:r>
                <w:rPr>
                </w:rPr>
                <w:t xml:space=\\"preserve\\">
                </w:t>
            </w:r>
        </w:p>
        <w:p>
            <w:pPr>
            </w:pPr>
            <w:r>
                <w:rPr>
                </w:rPr>
                <w:t xml:space=\\"preserve\\">
                </w:t>
            </w:r>
        </w:p>
        <w:p>
            <w:pPr>
                <w:pStyle w:val=\\"Heading2\\">
                </w:pStyle>
            </w:pPr>
            <w:r>
                <w:rPr>
                    <w:b w:val=\\"true\\">
                    </w:b>
                    <w:bCs w:val=\\"true\\">
                    </w:bCs>
                </w:rPr>
                <w:t xml:space=\\"preserve\\">language</w:t>
            </w:r>
        </w:p>
        <w:p>
            <w:pPr>
            </w:pPr>
            <w:r>
                <w:rPr>
                </w:rPr>
                <w:t xml:space=\\"preserve\\">    Buzzardese</w:t>
            </w:r>
        </w:p>
        <w:p>
            <w:pPr>
            </w:pPr>
            <w:r>
                <w:rPr>
                </w:rPr>
                <w:t xml:space=\\"preserve\\">    Shelduckese</w:t>
            </w:r>
        </w:p>
        <w:p>
            <w:pPr>
            </w:pPr>
            <w:r>
                <w:rPr>
                </w:rPr>
                <w:t xml:space=\\"preserve\\">    Black-footed Catese</w:t>
            </w:r>
        </w:p>
        <w:p>
            <w:pPr>
            </w:pPr>
            <w:r>
                <w:rPr>
                </w:rPr>
                <w:t xml:space=\\"preserve\\">
                </w:t>
            </w:r>
        </w:p>
        <w:sectPr>
            <w:pgSz w:w=\\"11906\\" w:h=\\"16838\\" w:orient=\\"portrait\\">
            </w:pgSz>
            <w:pgMar w:top=\\"100\\" w:right=\\"1200\\" w:bottom=\\"1440\\" w:left=\\"1440\\" w:header=\\"708\\" w:footer=\\"708\\" w:gutter=\\"0\\" w:mirrorMargins=\\"false\\">
            </w:pgMar>
            <w:cols w:space=\\"708\\">
            </w:cols>
            <w:docGrid w:linePitch=\\"360\\">
            </w:docGrid>
            <w:headerReference w:type=\\"default\\" r:id=\\"rId4\\">
            </w:headerReference>
            <w:footerReference w:type=\\"default\\" r:id=\\"rId5\\">
            </w:footerReference>
            <w:pgNumType w:fmt=\\"decimal\\">
            </w:pgNumType>
        </w:sectPr>
    </w:body>
</w:document>"
`;
