// Jest Snapshot v1, https://goo.gl/fbAQLP

exports[`generateSeed should seed sample yml 1`] = `
Object {
  "data": Object {
    "educationHistory": Array [
      Object {
        "acquisition": "Sep 1999",
        "duration": "Oct 1998",
        "institute": "Paztevedo University",
        "location": "Mustoslu, US",
        "major": "General Counsel Engineering",
        "title": "Bachelor of Engineering",
      },
    ],
    "language": Array [
      "Buzzardese",
      "Shelduckese",
      "Black-footed Catese",
    ],
    "profile": Object {
      "address": "1566 Piow Turnpike",
      "carrierSummary": Object {
        "default": "Venohisoc covhaabu bu ri lezju anakuebe tuvne ugudi avzi oro fuwidken piabani co teresta co tacub. Sonmup raojfu cufsik ra didag megusim dosdat fipbifla rota eh juzcogas bofora.",
        "frontend": "Nanhuemi fuf mu wicab so levnufsa ra fumes jero didokfo vigom pasfuzfi duz ic zupeguj. Ceb do murru tuzbogpal ge ibosa wesabge fabif porwe cokpaake wifse zoti.",
      },
      "email": "efmo@enoucu.lc",
      "name": "Lura Holloway",
      "phone": "(547) 665-1145",
      "technicalSkills": Object {
        "generalOfficeSkills": Array [
          "viluvel",
          "idrud",
          "ad",
          "ev",
          "azisunsef",
          "hipbec",
          "relokriw",
        ],
        "programmingLanguages": Array [
          "aculang",
          "nolang",
          "dohlang",
        ],
      },
      "title": "General Counsel",
    },
    "workHistory": Array [
      Object {
        "achievements": Array [
          "Recus acuepeer sit ojgeapo pajwe udar kumpaggo ise huhpahom ro dawbeb keotari vactase.",
          "Dazo hiziweweb tu mofilu lu epijof et dafik fuzdo nedooso esofmej sa jo.",
          "Cutjo iheozcem edukaco voij ucozo robimu tuvebi uc faccesit ogolab tiru du agegedaj.",
        ],
        "company": "Coca-Cola Co.",
        "duration": "05 Mar 2005 ~",
        "field": "Lu funludhu jo.",
        "location": "Cunahij",
        "skills": Array [
          "cezumurim",
          "vucnezuh",
          "buvhour",
          "tugsasa",
          "sejtoho",
          "ma",
          "si",
          "leacaho",
        ],
        "title": "General Counsel",
        "type": "permanent",
      },
      Object {
        "achievements": Array [
          "Gilna de nicozig nibe ilwapeh fijtihom uwoufi mo ketmipes ti wopsu puvagum wa.",
          "Tekow luzose pamupuk najo ahrosmon pot efomuvzo vumkuvola ildut pegwaj boreblu sem kondedi.",
        ],
        "company": "McCormick & Company Incorporated",
        "duration": "20 Dec 2004 ~ 05 Mar 2005",
        "field": "Odwa otrima fejur.",
        "location": "Kizewe",
        "skills": Array [
          "fetinba",
          "hu",
          "amazo",
          "ezi",
          "mavvago",
          "dev",
          "to",
          "ilesi",
          "fitaben",
        ],
        "title": "General Counsel",
        "type": "contract",
      },
      Object {
        "achievements": Array [
          "Pogece javnesih wo sapgud leocnor bojjig man doviki hirmezi nekedipo uctu foirla inpigav.",
          "Gi sivbug niwo ufutcu jinatpam juufa adikukkan tu guslaf tov muha amofogsog gudjit.",
          "Wuhepo vepu ca riwhewfel ped ulila uneira pooba atmu uteotu mem ceeji lulci.",
        ],
        "company": "Circuit City Stores Inc.",
        "duration": "28 Feb 2003 ~ 20 Dec 2004",
        "field": "Fohlefen ivjube zuveto.",
        "location": "Woglabjum",
        "skills": Array [
          "ruka",
          "demhevi",
          "pak",
        ],
        "title": "General Counsel",
        "type": "contract",
      },
      Object {
        "achievements": Array [
          "Vuposmi duhad ojiegfa umetod lirme ceeko zarwo dufsus mizcocgaw lafaj buzvewmav fufevi codser.",
          "Tuzsifluj licnima wad ze luzlontud hewegab mofab sohoko dufulaw zijihcig mim huovgu remda.",
        ],
        "company": "Sunoco Inc.",
        "duration": "21 May 2002 ~ 28 Feb 2003",
        "field": "Odew wog mi.",
        "location": "Merfepa",
        "skills": Array [
          "pezowoz",
          "ho",
          "babti",
        ],
        "title": "General Counsel",
        "type": "permanent",
      },
      Object {
        "achievements": Array [
          "Juwusle vur vegihbun seuw ibeveswul olu ehajucbor ebi lewlefel zidatu haf soni fezirwa.",
        ],
        "company": "LSI Logic Corporation",
        "duration": "15 Sep 1999 ~ 21 May 2002",
        "field": "Tekjowkuv zu ikugez.",
        "location": "Lihdevli",
        "skills": Array [
          "cer",
          "pekirmu",
          "ku",
          "bu",
          "tom",
          "adufo",
        ],
        "title": "General Counsel",
        "type": "contract",
      },
    ],
  },
  "header": Object {
    "author": "Lura Holloway",
    "description": "sample seed data generated by seed",
    "paragraphs": Array [
      Object {
        "source": "profile",
        "title": "$name",
      },
      Object {
        "digestRest": true,
        "first": 6,
        "source": "workHistory",
        "title": "Work History",
      },
      Object {
        "first": 4,
        "source": "educationHistory",
        "title": "Education",
      },
      Object {
        "source": "language",
        "title": "language",
      },
    ],
    "title": "Resume",
  },
}
`;
